分类: 📺央视频道, 名称: CCTV-1, 有效: 6, IPv4: 22, IPv6: 11, 最小延迟: 87 ms, 最高速率: 12.15 M/s, 平均速率: 6.38 M/s, 最高分辨率: 1920x1080, 平均帧率: 25.83, 视频编解码器: h264, 音频编解码器: aac
分类: 📺央视频道, 名称: CCTV-2, 有效: 6, IPv4: 19, IPv6: 11, 最小延迟: 232 ms, 最高速率: 10.49 M/s, 平均速率: 4.82 M/s, 最高分辨率: 1920x1080, 平均帧率: 26.00, 视频编解码器: h264, 音频编解码器: aac
分类: 📺央视频道, 名称: CCTV-3, 有效: 6, IPv4: 21, IPv6: 7, 最小延迟: 101 ms, 最高速率: 10.45 M/s, 平均速率: 8.53 M/s, 最高分辨率: 1920x1080, 平均帧率: 27.00, 视频编解码器: h264, 音频编解码器: aac
分类: 📺央视频道, 名称: CCTV-4, 有效: 5, IPv4: 20, IPv6: 6, 最小延迟: 361 ms, 最高速率: 8.32 M/s, 平均速率: 5.44 M/s, 最高分辨率: 1920x1080, 平均帧率: 35.00, 视频编解码器: h264, 音频编解码器: aac
分类: 📺央视频道, 名称: CCTV-5, 有效: 5, IPv4: 32, IPv6: 11, 最小延迟: 407 ms, 最高速率: 6.35 M/s, 平均速率: 4.06 M/s, 最高分辨率: 1920x1080, 平均帧率: 25.00, 视频编解码器: h264, 音频编解码器: aac
分类: 📺央视频道, 名称: CCTV-6, 有效: 6, IPv4: 21, IPv6: 8, 最小延迟: 98 ms, 最高速率: 10.30 M/s, 平均速率: 7.40 M/s, 最高分辨率: 1920x1080, 平均帧率: 27.86, 视频编解码器: h264, 音频编解码器: aac
分类: 📺央视频道, 名称: CCTV-7, 有效: 6, IPv4: 20, IPv6: 9, 最小延迟: 83 ms, 最高速率: 10.93 M/s, 平均速率: 7.25 M/s, 最高分辨率: 1920x1080, 平均帧率: 27.00, 视频编解码器: h264, 音频编解码器: aac
分类: 📺央视频道, 名称: CCTV-5+, 有效: 6, IPv4: 20, IPv6: 16, 最小延迟: 70 ms, 最高速率: 9.86 M/s, 平均速率: 4.58 M/s, 最高分辨率: 1920x1080, 平均帧率: 28.12, 视频编解码器: h264, 音频编解码器: aac
分类: 📺央视频道, 名称: CCTV-8, 有效: 6, IPv4: 20, IPv6: 8, 最小延迟: 103 ms, 最高速率: 10.45 M/s, 平均速率: 7.37 M/s, 最高分辨率: 1920x1080, 平均帧率: 26.00, 视频编解码器: h264, 音频编解码器: aac
分类: 📺央视频道, 名称: CCTV-9, 有效: 6, IPv4: 19, IPv6: 9, 最小延迟: 89 ms, 最高速率: 10.87 M/s, 平均速率: 6.72 M/s, 最高分辨率: 1920x1080, 平均帧率: 26.67, 视频编解码器: h264, 音频编解码器: aac
分类: 📺央视频道, 名称: CCTV-10, 有效: 7, IPv4: 18, IPv6: 9, 最小延迟: 37 ms, 最高速率: 10.45 M/s, 平均速率: 6.40 M/s, 最高分辨率: 1920x1080, 平均帧率: 26.67, 视频编解码器: h264, 音频编解码器: aac
分类: 📺央视频道, 名称: CCTV-11, 有效: 6, IPv4: 19, IPv6: 9, 最小延迟: 93 ms, 最高速率: 10.45 M/s, 平均速率: 5.52 M/s, 最高分辨率: 1920x1080, 平均帧率: 27.00, 视频编解码器: h264, 音频编解码器: aac
分类: 📺央视频道, 名称: CCTV-12, 有效: 6, IPv4: 19, IPv6: 10, 最小延迟: 119 ms, 最高速率: 10.68 M/s, 平均速率: 8.34 M/s, 最高分辨率: 1920x1080, 平均帧率: 28.00, 视频编解码器: h264, 音频编解码器: aac
分类: 📺央视频道, 名称: CCTV-13, 有效: 6, IPv4: 18, IPv6: 13, 最小延迟: 95 ms, 最高速率: 10.08 M/s, 平均速率: 4.42 M/s, 最高分辨率: 1920x1080, 平均帧率: 26.00, 视频编解码器: h264, 音频编解码器: aac
分类: 📺央视频道, 名称: CCTV-14, 有效: 7, IPv4: 20, IPv6: 9, 最小延迟: 105 ms, 最高速率: 10.65 M/s, 平均速率: 8.65 M/s, 最高分辨率: 1920x1080, 平均帧率: 26.67, 视频编解码器: h264, 音频编解码器: aac
分类: 📺央视频道, 名称: CCTV-15, 有效: 6, IPv4: 29, IPv6: 12, 最小延迟: 95 ms, 最高速率: 10.45 M/s, 平均速率: 5.85 M/s, 最高分辨率: 1920x1080, 平均帧率: 26.00, 视频编解码器: h264, 音频编解码器: aac
分类: 📺央视频道, 名称: CCTV-16, 有效: 6, IPv4: 16, IPv6: 8, 最小延迟: 25 ms, 最高速率: 10.29 M/s, 平均速率: 5.77 M/s, 最高分辨率: 1920x1080, 平均帧率: 25.83, 视频编解码器: h264, 音频编解码器: aac
分类: 📺央视频道, 名称: CCTV-17, 有效: 6, IPv4: 21, IPv6: 9, 最小延迟: 91 ms, 最高速率: 10.35 M/s, 平均速率: 4.76 M/s, 最高分辨率: 1920x1080, 平均帧率: 27.50, 视频编解码器: h264, 音频编解码器: aac
分类: 📺央视频道, 名称: CETV-1, 有效: 3, IPv4: 16, IPv6: 15, 最小延迟: 105 ms, 最高速率: 10.47 M/s, 平均速率: 7.09 M/s, 最高分辨率: 1920x1080, 平均帧率: 28.33, 视频编解码器: h264, 音频编解码器: aac
分类: 📺央视频道, 名称: CETV-2, 有效: 2, IPv4: 15, IPv6: 12, 最小延迟: 98 ms, 最高速率: 10.34 M/s, 平均速率: 10.17 M/s, 最高分辨率: 1920x1080, 平均帧率: 30.00, 视频编解码器: h264, 音频编解码器: aac
分类: 📺央视频道, 名称: CETV-3, 有效: 0, IPv4: 3, IPv6: 6, 最小延迟: -1 ms, 最高速率: 0.00 M/s, 平均速率: 0.00 M/s, 最高分辨率: None, 平均帧率: 未知, 视频编解码器: 未知, 音频编解码器: 未知
分类: 📺央视频道, 名称: CETV-4, 有效: 0, IPv4: 15, IPv6: 14, 最小延迟: 4612 ms, 最高速率: 0.75 M/s, 平均速率: 0.00 M/s, 最高分辨率: 720x576, 平均帧率: 25.00, 视频编解码器: h264, 音频编解码器: mp2
分类: 📡卫视频道, 名称: 香港卫视, 有效: 4, IPv4: 8, IPv6: 5, 最小延迟: 1010 ms, 最高速率: 0.51 M/s, 平均速率: 0.45 M/s, 最高分辨率: 1280x720, 平均帧率: 25.00, 视频编解码器: h264, 音频编解码器: aac
分类: 📡卫视频道, 名称: 广东卫视, 有效: 5, IPv4: 19, IPv6: 11, 最小延迟: 111 ms, 最高速率: 46.21 M/s, 平均速率: 15.18 M/s, 最高分辨率: 1920x1080, 平均帧率: 26.43, 视频编解码器: h264, 音频编解码器: aac
分类: 📡卫视频道, 名称: 浙江卫视, 有效: 7, IPv4: 17, IPv6: 5, 最小延迟: 112 ms, 最高速率: 10.82 M/s, 平均速率: 6.22 M/s, 最高分辨率: 1920x1080, 平均帧率: 25.00, 视频编解码器: h264, 音频编解码器: aac
分类: 📡卫视频道, 名称: 湖南卫视, 有效: 5, IPv4: 19, IPv6: 7, 最小延迟: 550 ms, 最高速率: 6.00 M/s, 平均速率: 3.79 M/s, 最高分辨率: 3840x2160, 平均帧率: 25.00, 视频编解码器: h264, 音频编解码器: aac
分类: 📡卫视频道, 名称: 北京卫视, 有效: 5, IPv4: 17, IPv6: 8, 最小延迟: 25 ms, 最高速率: 8.77 M/s, 平均速率: 4.61 M/s, 最高分辨率: 1920x1080, 平均帧率: 30.00, 视频编解码器: h264, 音频编解码器: aac
分类: 📡卫视频道, 名称: 湖北卫视, 有效: 4, IPv4: 11, IPv6: 9, 最小延迟: 93 ms, 最高速率: 10.44 M/s, 平均速率: 7.56 M/s, 最高分辨率: 1920x1080, 平均帧率: 28.00, 视频编解码器: h264, 音频编解码器: aac
分类: 📡卫视频道, 名称: 黑龙江卫视, 有效: 5, IPv4: 11, IPv6: 7, 最小延迟: 79 ms, 最高速率: 11.19 M/s, 平均速率: 8.43 M/s, 最高分辨率: 1920x1080, 平均帧率: 29.00, 视频编解码器: h264, 音频编解码器: aac
分类: 📡卫视频道, 名称: 安徽卫视, 有效: 5, IPv4: 11, IPv6: 6, 最小延迟: 97 ms, 最高速率: 10.82 M/s, 平均速率: 9.02 M/s, 最高分辨率: 1920x1080, 平均帧率: 28.33, 视频编解码器: h264, 音频编解码器: aac
分类: 📡卫视频道, 名称: 重庆卫视, 有效: 3, IPv4: 11, IPv6: 9, 最小延迟: 92 ms, 最高速率: 10.19 M/s, 平均速率: 6.84 M/s, 最高分辨率: 1920x1080, 平均帧率: 32.00, 视频编解码器: h264, 音频编解码器: aac
分类: 📡卫视频道, 名称: 东方卫视, 有效: 6, IPv4: 15, IPv6: 6, 最小延迟: 25 ms, 最高速率: 12.13 M/s, 平均速率: 7.66 M/s, 最高分辨率: 1920x1080, 平均帧率: 26.00, 视频编解码器: h264, 音频编解码器: aac
分类: 📡卫视频道, 名称: 东南卫视, 有效: 4, IPv4: 12, IPv6: 9, 最小延迟: 73 ms, 最高速率: 13.06 M/s, 平均速率: 12.07 M/s, 最高分辨率: 1920x1080, 平均帧率: 27.50, 视频编解码器: h264, 音频编解码器: aac
分类: 📡卫视频道, 名称: 甘肃卫视, 有效: 5, IPv4: 11, IPv6: 5, 最小延迟: 24 ms, 最高速率: 13.21 M/s, 平均速率: 8.61 M/s, 最高分辨率: 1920x1080, 平均帧率: 28.33, 视频编解码器: h264, 音频编解码器: aac
分类: 📡卫视频道, 名称: 贵州卫视, 有效: 6, IPv4: 12, IPv6: 4, 最小延迟: 25 ms, 最高速率: 13.69 M/s, 平均速率: 8.69 M/s, 最高分辨率: 1920x1080, 平均帧率: 29.00, 视频编解码器: h264, 音频编解码器: aac
分类: 📡卫视频道, 名称: 广西卫视, 有效: 4, IPv4: 13, IPv6: 7, 最小延迟: 77 ms, 最高速率: 13.10 M/s, 平均速率: 9.98 M/s, 最高分辨率: 1920x1080, 平均帧率: 27.14, 视频编解码器: h264, 音频编解码器: aac
分类: 📡卫视频道, 名称: 海南卫视, 有效: 5, IPv4: 15, IPv6: 9, 最小延迟: 76 ms, 最高速率: 12.99 M/s, 平均速率: 10.02 M/s, 最高分辨率: 1920x1080, 平均帧率: 29.17, 视频编解码器: h264, 音频编解码器: aac
分类: 📡卫视频道, 名称: 吉林卫视, 有效: 6, IPv4: 12, IPv6: 10, 最小延迟: 76 ms, 最高速率: 13.23 M/s, 平均速率: 12.19 M/s, 最高分辨率: 1920x1080, 平均帧率: 29.00, 视频编解码器: h264, 音频编解码器: aac
分类: 📡卫视频道, 名称: 河南卫视, 有效: 6, IPv4: 13, IPv6: 7, 最小延迟: 72 ms, 最高速率: 13.23 M/s, 平均速率: 6.18 M/s, 最高分辨率: 1920x1080, 平均帧率: 27.50, 视频编解码器: h264, 音频编解码器: aac
分类: 📡卫视频道, 名称: 河北卫视, 有效: 5, IPv4: 12, IPv6: 10, 最小延迟: 72 ms, 最高速率: 12.91 M/s, 平均速率: 11.07 M/s, 最高分辨率: 1920x1080, 平均帧率: 31.43, 视频编解码器: h264, 音频编解码器: aac
分类: 📡卫视频道, 名称: 江苏卫视, 有效: 6, IPv4: 14, IPv6: 9, 最小延迟: 27 ms, 最高速率: 11.11 M/s, 平均速率: 4.75 M/s, 最高分辨率: 1920x1080, 平均帧率: 26.25, 视频编解码器: h264, 音频编解码器: aac
分类: 📡卫视频道, 名称: 江西卫视, 有效: 5, IPv4: 12, IPv6: 10, 最小延迟: 77 ms, 最高速率: 13.03 M/s, 平均速率: 9.65 M/s, 最高分辨率: 1920x1080, 平均帧率: 29.00, 视频编解码器: h264, 音频编解码器: aac
分类: 📡卫视频道, 名称: 辽宁卫视, 有效: 4, IPv4: 13, IPv6: 8, 最小延迟: 77 ms, 最高速率: 13.07 M/s, 平均速率: 12.23 M/s, 最高分辨率: 1920x1080, 平均帧率: 27.50, 视频编解码器: h264, 音频编解码器: aac
分类: 📡卫视频道, 名称: 内蒙古卫视, 有效: 4, IPv4: 12, IPv6: 3, 最小延迟: 89 ms, 最高速率: 10.61 M/s, 平均速率: 10.18 M/s, 最高分辨率: 1920x1080, 平均帧率: 32.50, 视频编解码器: h264, 音频编解码器: aac
分类: 📡卫视频道, 名称: 青海卫视, 有效: 6, IPv4: 13, IPv6: 10, 最小延迟: 73 ms, 最高速率: 10.55 M/s, 平均速率: 7.34 M/s, 最高分辨率: 1920x1080, 平均帧率: 29.00, 视频编解码器: h264, 音频编解码器: aac
分类: 📡卫视频道, 名称: 宁夏卫视, 有效: 4, IPv4: 10, IPv6: 11, 最小延迟: 92 ms, 最高速率: 10.18 M/s, 平均速率: 9.51 M/s, 最高分辨率: 1920x1080, 平均帧率: 27.50, 视频编解码器: h264, 音频编解码器: aac
分类: 📡卫视频道, 名称: 山东卫视, 有效: 5, IPv4: 14, IPv6: 8, 最小延迟: 97 ms, 最高速率: 10.54 M/s, 平均速率: 9.08 M/s, 最高分辨率: 1920x1080, 平均帧率: 28.57, 视频编解码器: h264, 音频编解码器: aac
分类: 📡卫视频道, 名称: 山西卫视, 有效: 0, IPv4: 7, IPv6: 4, 最小延迟: 309 ms, 最高速率: 6.10 M/s, 平均速率: 0.00 M/s, 最高分辨率: 1920x1080, 平均帧率: 25.00, 视频编解码器: h264, 音频编解码器: aac
分类: 📡卫视频道, 名称: 陕西卫视, 有效: 4, IPv4: 8, IPv6: 9, 最小延迟: 74 ms, 最高速率: 12.90 M/s, 平均速率: 9.12 M/s, 最高分辨率: 1920x1080, 平均帧率: 30.71, 视频编解码器: h264, 音频编解码器: aac
分类: 📡卫视频道, 名称: 四川卫视, 有效: 5, IPv4: 21, IPv6: 10, 最小延迟: 89 ms, 最高速率: 10.88 M/s, 平均速率: 9.79 M/s, 最高分辨率: 1920x1080, 平均帧率: 33.75, 视频编解码器: h264, 音频编解码器: aac
分类: 📡卫视频道, 名称: 深圳卫视, 有效: 5, IPv4: 19, IPv6: 10, 最小延迟: 113 ms, 最高速率: 9.39 M/s, 平均速率: 7.55 M/s, 最高分辨率: 1920x1080, 平均帧率: 31.99, 视频编解码器: h264, 音频编解码器: aac
分类: 📡卫视频道, 名称: 三沙卫视, 有效: 5, IPv4: 8, IPv6: 7, 最小延迟: 92 ms, 最高速率: 10.66 M/s, 平均速率: 8.03 M/s, 最高分辨率: 1920x1080, 平均帧率: 28.00, 视频编解码器: h264, 音频编解码器: aac
分类: 📡卫视频道, 名称: 西藏卫视, 有效: 5, IPv4: 9, IPv6: 6, 最小延迟: 87 ms, 最高速率: 10.91 M/s, 平均速率: 7.66 M/s, 最高分辨率: 1920x1080, 平均帧率: 28.33, 视频编解码器: h264, 音频编解码器: aac
分类: 📡卫视频道, 名称: 天津卫视, 有效: 5, IPv4: 21, IPv6: 8, 最小延迟: 108 ms, 最高速率: 9.38 M/s, 平均速率: 8.96 M/s, 最高分辨率: 1920x1080, 平均帧率: 32.14, 视频编解码器: h264, 音频编解码器: aac
分类: 📡卫视频道, 名称: 云南卫视, 有效: 6, IPv4: 13, IPv6: 5, 最小延迟: 28 ms, 最高速率: 10.75 M/s, 平均速率: 8.04 M/s, 最高分辨率: 1920x1080, 平均帧率: 29.00, 视频编解码器: h264, 音频编解码器: aac
分类: 📡卫视频道, 名称: 新疆卫视, 有效: 3, IPv4: 15, IPv6: 6, 最小延迟: 96 ms, 最高速率: 10.81 M/s, 平均速率: 10.50 M/s, 最高分辨率: 1920x1080, 平均帧率: 30.62, 视频编解码器: h264, 音频编解码器: aac
分类: ☘️广东频道, 名称: 广东珠江, 有效: 1, IPv4: 7, IPv6: 9, 最小延迟: 24 ms, 最高速率: 59.37 M/s, 平均速率: 15.83 M/s, 最高分辨率: 1920x1080, 平均帧率: 25.00, 视频编解码器: h264, 音频编解码器: mp2
分类: ☘️广东频道, 名称: 广东体育, 有效: 0, IPv4: 14, IPv6: 9, 最小延迟: 100 ms, 最高速率: 70.57 M/s, 平均速率: 0.00 M/s, 最高分辨率: 1280x720, 平均帧率: 25.00, 视频编解码器: h264, 音频编解码器: aac
分类: ☘️广东频道, 名称: 广东新闻, 有效: 1, IPv4: 10, IPv6: 4, 最小延迟: 24 ms, 最高速率: 13.57 M/s, 平均速率: 13.57 M/s, 最高分辨率: 1280x720, 平均帧率: 50.00, 视频编解码器: h264, 音频编解码器: mp2
分类: ☘️广东频道, 名称: 广东民生, 有效: 1, IPv4: 6, IPv6: 10, 最小延迟: 304 ms, 最高速率: 0.53 M/s, 平均速率: 0.53 M/s, 最高分辨率: 1920x1080, 平均帧率: 25.00, 视频编解码器: h264, 音频编解码器: mp2
分类: ☘️广东频道, 名称: 大湾区卫视, 有效: 4, IPv4: 8, IPv6: 10, 最小延迟: 79 ms, 最高速率: 12.41 M/s, 平均速率: 11.52 M/s, 最高分辨率: 1920x1080, 平均帧率: 28.33, 视频编解码器: h264, 音频编解码器: aac
分类: ☘️广东频道, 名称: 广州综合, 有效: 6, IPv4: 2, IPv6: 11, 最小延迟: 233 ms, 最高速率: 0.47 M/s, 平均速率: 0.31 M/s, 最高分辨率: 1280x720, 平均帧率: 25.00, 视频编解码器: h264, 音频编解码器: aac
分类: ☘️广东频道, 名称: 广州影视, 有效: 0, IPv4: 10, IPv6: 5, 最小延迟: 309 ms, 最高速率: 0.00 M/s, 平均速率: 0.00 M/s, 最高分辨率: None, 平均帧率: 未知, 视频编解码器: 未知, 音频编解码器: 未知
分类: ☘️广东频道, 名称: 广州竞赛, 有效: 1, IPv4: 11, IPv6: 7, 最小延迟: 308 ms, 最高速率: 6.41 M/s, 平均速率: 6.41 M/s, 最高分辨率: 1280x720, 平均帧率: 未知, 视频编解码器: 未知, 音频编解码器: 未知
分类: ☘️广东频道, 名称: 江门综合, 有效: 0, IPv4: 1, IPv6: 5, 最小延迟: 307 ms, 最高速率: 0.00 M/s, 平均速率: 0.00 M/s, 最高分辨率: None, 平均帧率: 未知, 视频编解码器: 未知, 音频编解码器: 未知
分类: ☘️广东频道, 名称: 佛山综合, 有效: 0, IPv4: 0, IPv6: 7, 最小延迟: 301 ms, 最高速率: 0.00 M/s, 平均速率: 0.00 M/s, 最高分辨率: None, 平均帧率: 未知, 视频编解码器: 未知, 音频编解码器: 未知
分类: ☘️广东频道, 名称: 汕头综合, 有效: 0, IPv4: 0, IPv6: 5, 最小延迟: 308 ms, 最高速率: 0.00 M/s, 平均速率: 0.00 M/s, 最高分辨率: None, 平均帧率: 未知, 视频编解码器: 未知, 音频编解码器: 未知
分类: ☘️广东频道, 名称: 汕头经济, 有效: 0, IPv4: 0, IPv6: 5, 最小延迟: 307 ms, 最高速率: 0.00 M/s, 平均速率: 0.00 M/s, 最高分辨率: None, 平均帧率: 未知, 视频编解码器: 未知, 音频编解码器: 未知
分类: 📡  卫视频道, 名称: 凤凰资讯, 有效: 1, IPv4: 4, IPv6: 1, 最小延迟: 120 ms, 最高速率: 47.47 M/s, 平均速率: 0.37 M/s, 最高分辨率: 1280x720, 平均帧率: 25.00, 视频编解码器: h264, 音频编解码器: aac
分类: 📡  卫视频道, 名称: 凤凰中文, 有效: 0, IPv4: 3, IPv6: 3, 最小延迟: 93 ms, 最高速率: 57.40 M/s, 平均速率: 0.00 M/s, 最高分辨率: None, 平均帧率: 未知, 视频编解码器: 未知, 音频编解码器: 未知
分类: 📡  卫视频道, 名称: 海峡卫视, 有效: 2, IPv4: 3, IPv6: 1, 最小延迟: 1787 ms, 最高速率: 1.34 M/s, 平均速率: 1.25 M/s, 最高分辨率: 1920x1080, 平均帧率: 29.97, 视频编解码器: h264, 音频编解码器: aac
分类: 📡  卫视频道, 名称: 凤凰香港, 有效: 1, IPv4: 3, IPv6: 3, 最小延迟: 98 ms, 最高速率: 45.65 M/s, 平均速率: 0.59 M/s, 最高分辨率: 1920x1080, 平均帧率: 25.00, 视频编解码器: h264, 音频编解码器: aac
分类: 📡  卫视频道, 名称: 厦门卫视, 有效: 0, IPv4: 3, IPv6: 4, 最小延迟: 9173 ms, 最高速率: 0.19 M/s, 平均速率: 0.00 M/s, 最高分辨率: 720x576, 平均帧率: 25.00, 视频编解码器: h264, 音频编解码器: mp2
分类: 📡  卫视频道, 名称: 兵团卫视, 有效: 0, IPv4: 3, IPv6: 1, 最小延迟: 10161 ms, 最高速率: 0.05 M/s, 平均速率: 0.00 M/s, 最高分辨率: 720x576, 平均帧率: 50.00, 视频编解码器: h264, 音频编解码器: mp2
分类: 📡  卫视频道, 名称: 安多卫视, 有效: 1, IPv4: 10, IPv6: 4, 最小延迟: 1022 ms, 最高速率: 0.35 M/s, 平均速率: 0.35 M/s, 最高分辨率: 1920x1080, 平均帧率: 25.00, 视频编解码器: h264, 音频编解码器: aac
分类: 📡  卫视频道, 名称: 康巴卫视, 有效: 0, IPv4: 10, IPv6: 1, 最小延迟: -1 ms, 最高速率: 0.00 M/s, 平均速率: 0.00 M/s, 最高分辨率: None, 平均帧率: 未知, 视频编解码器: 未知, 音频编解码器: 未知
分类: 📡  卫视频道, 名称: 农林卫视, 有效: 0, IPv4: 3, IPv6: 0, 最小延迟: 10050 ms, 最高速率: 0.00 M/s, 平均速率: 0.00 M/s, 最高分辨率: None, 平均帧率: 未知, 视频编解码器: 未知, 音频编解码器: 未知
分类: 📡  江西频道, 名称: 赣州新闻, 有效: 0, IPv4: 1, IPv6: 0, 最小延迟: 2480 ms, 最高速率: 0.23 M/s, 平均速率: 0.00 M/s, 最高分辨率: 1920x1080, 平均帧率: 25.00, 视频编解码器: h264, 音频编解码器: aac
分类: 📡  北京频道, 名称: 北京影视, 有效: 0, IPv4: 1, IPv6: 0, 最小延迟: -1 ms, 最高速率: 0.00 M/s, 平均速率: 0.00 M/s, 最高分辨率: None, 平均帧率: 未知, 视频编解码器: 未知, 音频编解码器: 未知
分类: 📡  江西频道, 名称: 赣州公共, 有效: 0, IPv4: 1, IPv6: 0, 最小延迟: 3186 ms, 最高速率: 0.18 M/s, 平均速率: 0.00 M/s, 最高分辨率: 1920x1080, 平均帧率: 25.00, 视频编解码器: h264, 音频编解码器: aac
分类: 📡  北京频道, 名称: 北京科教, 有效: 0, IPv4: 1, IPv6: 0, 最小延迟: 46 ms, 最高速率: 2.25 M/s, 平均速率: 0.00 M/s, 最高分辨率: 19x24, 平均帧率: 25.00, 视频编解码器: rawvideo, 音频编解码器: 未知
分类: 📡  北京频道, 名称: 北京文艺, 有效: 1, IPv4: 2, IPv6: 0, 最小延迟: 2902 ms, 最高速率: 1.11 M/s, 平均速率: 1.11 M/s, 最高分辨率: 1920x1080, 平均帧率: 25.00, 视频编解码器: h264, 音频编解码器: aac
分类: 📡  卫视频道, 名称: 延边卫视, 有效: 3, IPv4: 5, IPv6: 4, 最小延迟: 313 ms, 最高速率: 3.74 M/s, 平均速率: 2.71 M/s, 最高分辨率: 1920x1080, 平均帧率: 30.00, 视频编解码器: h264, 音频编解码器: aac
分类: 📡  北京频道, 名称: 北京财经, 有效: 0, IPv4: 6, IPv6: 0, 最小延迟: -1 ms, 最高速率: 0.00 M/s, 平均速率: 0.00 M/s, 最高分辨率: None, 平均帧率: 未知, 视频编解码器: 未知, 音频编解码器: 未知
分类: 📡  北京频道, 名称: 北京青年, 有效: 0, IPv4: 1, IPv6: 0, 最小延迟: 36 ms, 最高速率: 2.82 M/s, 平均速率: 0.00 M/s, 最高分辨率: 19x24, 平均帧率: 25.00, 视频编解码器: rawvideo, 音频编解码器: 未知
分类: 📡  北京频道, 名称: 北京生活, 有效: 0, IPv4: 7, IPv6: 0, 最小延迟: 1201 ms, 最高速率: 0.07 M/s, 平均速率: 0.00 M/s, 最高分辨率: None, 平均帧率: 未知, 视频编解码器: 未知, 音频编解码器: aac
分类: 📡  北京频道, 名称: 北京新闻, 有效: 0, IPv4: 4, IPv6: 2, 最小延迟: 161 ms, 最高速率: 0.67 M/s, 平均速率: 0.00 M/s, 最高分辨率: None, 平均帧率: 未知, 视频编解码器: h264, 音频编解码器: aac
分类: 📡  北京频道, 名称: 睛彩篮球, 有效: 0, IPv4: 3, IPv6: 1, 最小延迟: -1 ms, 最高速率: 0.00 M/s, 平均速率: 0.00 M/s, 最高分辨率: None, 平均帧率: 未知, 视频编解码器: 未知, 音频编解码器: 未知
分类: 📡  北京频道, 名称: 睛彩广场舞, 有效: 1, IPv4: 6, IPv6: 5, 最小延迟: 75 ms, 最高速率: 13.19 M/s, 平均速率: 13.19 M/s, 最高分辨率: 1920x1080, 平均帧率: 30.00, 视频编解码器: h264, 音频编解码器: aac
分类: 📡  北京频道, 名称: 北京卡酷少儿, 有效: 0, IPv4: 13, IPv6: 2, 最小延迟: 10437 ms, 最高速率: 0.04 M/s, 平均速率: 0.00 M/s, 最高分辨率: 720x576, 平均帧率: 25.00, 视频编解码器: h264, 音频编解码器: mp2
分类: 📡  上海频道, 名称: 上海新闻综合, 有效: 1, IPv4: 3, IPv6: 10, 最小延迟: 83 ms, 最高速率: 11.72 M/s, 平均速率: 11.72 M/s, 最高分辨率: 1920x1080, 平均帧率: 30.00, 视频编解码器: h264, 音频编解码器: aac
分类: 📡  上海频道, 名称: 生活时尚, 有效: 1, IPv4: 6, IPv6: 4, 最小延迟: 306 ms, 最高速率: 3.10 M/s, 平均速率: 3.10 M/s, 最高分辨率: 1920x1080, 平均帧率: 37.50, 视频编解码器: h264, 音频编解码器: aac
分类: 📡  上海频道, 名称: 纪实人文, 有效: 0, IPv4: 6, IPv6: 2, 最小延迟: 309 ms, 最高速率: 0.00 M/s, 平均速率: 0.00 M/s, 最高分辨率: None, 平均帧率: 未知, 视频编解码器: 未知, 音频编解码器: 未知
分类: 📡  上海频道, 名称: 上海都市, 有效: 0, IPv4: 4, IPv6: 4, 最小延迟: 307 ms, 最高速率: 0.00 M/s, 平均速率: 0.00 M/s, 最高分辨率: None, 平均帧率: 未知, 视频编解码器: 未知, 音频编解码器: 未知
分类: 📡  上海频道, 名称: 东方影视, 有效: 2, IPv4: 7, IPv6: 5, 最小延迟: 104 ms, 最高速率: 5.09 M/s, 平均速率: 4.69 M/s, 最高分辨率: 1920x1080, 平均帧率: 27.50, 视频编解码器: h264, 音频编解码器: aac
分类: 📡  上海频道, 名称: 都市剧场, 有效: 0, IPv4: 12, IPv6: 3, 最小延迟: 171 ms, 最高速率: 0.64 M/s, 平均速率: 0.00 M/s, 最高分辨率: None, 平均帧率: 未知, 视频编解码器: 未知, 音频编解码器: aac
分类: 📡  上海频道, 名称: 上海ICS外语, 有效: 0, IPv4: 1, IPv6: 0, 最小延迟: -1 ms, 最高速率: 0.00 M/s, 平均速率: 0.00 M/s, 最高分辨率: None, 平均帧率: 未知, 视频编解码器: 未知, 音频编解码器: 未知
分类: 📡  上海频道, 名称: 第一财经, 有效: 0, IPv4: 4, IPv6: 3, 最小延迟: 218 ms, 最高速率: 0.43 M/s, 平均速率: 0.00 M/s, 最高分辨率: None, 平均帧率: 未知, 视频编解码器: 未知, 音频编解码器: aac
分类: 📡  上海频道, 名称: 东方财经, 有效: 0, IPv4: 4, IPv6: 0, 最小延迟: -1 ms, 最高速率: 0.00 M/s, 平均速率: 0.00 M/s, 最高分辨率: None, 平均帧率: 未知, 视频编解码器: 未知, 音频编解码器: 未知
分类: 📡  上海频道, 名称: 上海教育, 有效: 0, IPv4: 1, IPv6: 0, 最小延迟: -1 ms, 最高速率: 0.00 M/s, 平均速率: 0.00 M/s, 最高分辨率: None, 平均帧率: 未知, 视频编解码器: 未知, 音频编解码器: 未知
分类: 📡  上海频道, 名称: 欢笑剧场, 有效: 0, IPv4: 11, IPv6: 4, 最小延迟: -1 ms, 最高速率: 0.00 M/s, 平均速率: 0.00 M/s, 最高分辨率: None, 平均帧率: 未知, 视频编解码器: 未知, 音频编解码器: 未知
分类: 📡  上海频道, 名称: 五星体育, 有效: 0, IPv4: 7, IPv6: 4, 最小延迟: 310 ms, 最高速率: 0.00 M/s, 平均速率: 0.00 M/s, 最高分辨率: None, 平均帧率: 未知, 视频编解码器: 未知, 音频编解码器: 未知
分类: 📡  上海频道, 名称: 法治天地, 有效: 0, IPv4: 12, IPv6: 4, 最小延迟: -1 ms, 最高速率: 0.00 M/s, 平均速率: 0.00 M/s, 最高分辨率: None, 平均帧率: 未知, 视频编解码器: 未知, 音频编解码器: 未知
分类: 📡  上海频道, 名称: 游戏风云, 有效: 2, IPv4: 7, IPv6: 2, 最小延迟: 85 ms, 最高速率: 5.33 M/s, 平均速率: 5.22 M/s, 最高分辨率: 1920x1080, 平均帧率: 30.00, 视频编解码器: h264, 音频编解码器: aac
分类: 📡  上海频道, 名称: 动漫秀场, 有效: 0, IPv4: 11, IPv6: 4, 最小延迟: 311 ms, 最高速率: 0.00 M/s, 平均速率: 0.00 M/s, 最高分辨率: None, 平均帧率: 未知, 视频编解码器: 未知, 音频编解码器: 未知
分类: 📡  上海频道, 名称: 哈哈炫动, 有效: 1, IPv4: 11, IPv6: 5, 最小延迟: 24 ms, 最高速率: 23.75 M/s, 平均速率: 23.75 M/s, 最高分辨率: 1280x720, 平均帧率: 未知, 视频编解码器: 未知, 音频编解码器: 未知
分类: 📡  浙江频道, 名称: 浙江经济生活, 有效: 2, IPv4: 8, IPv6: 4, 最小延迟: 316 ms, 最高速率: 0.59 M/s, 平均速率: 0.56 M/s, 最高分辨率: 1920x1080, 平均帧率: 25.00, 视频编解码器: h264, 音频编解码器: aac
分类: 📡  浙江频道, 名称: 浙江教育, 有效: 2, IPv4: 4, IPv6: 0, 最小延迟: 1032 ms, 最高速率: 0.70 M/s, 平均速率: 0.54 M/s, 最高分辨率: 1920x1080, 平均帧率: 25.00, 视频编解码器: h264, 音频编解码器: aac
分类: 📡  浙江频道, 名称: 浙江民生, 有效: 4, IPv4: 5, IPv6: 5, 最小延迟: 307 ms, 最高速率: 0.70 M/s, 平均速率: 0.59 M/s, 最高分辨率: 1920x1080, 平均帧率: 25.00, 视频编解码器: h264, 音频编解码器: aac
分类: 📡  浙江频道, 名称: 湖州公共, 有效: 5, IPv4: 0, IPv6: 7, 最小延迟: 580 ms, 最高速率: 0.32 M/s, 平均速率: 0.29 M/s, 最高分辨率: 1280x720, 平均帧率: 25.00, 视频编解码器: h264, 音频编解码器: aac
分类: 📡  浙江频道, 名称: 浙江少儿, 有效: 2, IPv4: 9, IPv6: 4, 最小延迟: 308 ms, 最高速率: 0.89 M/s, 平均速率: 0.86 M/s, 最高分辨率: 1920x1080, 平均帧率: 25.00, 视频编解码器: h264, 音频编解码器: aac
分类: 📡  江苏频道, 名称: 江苏影视, 有效: 5, IPv4: 3, IPv6: 11, 最小延迟: 88 ms, 最高速率: 10.53 M/s, 平均速率: 6.04 M/s, 最高分辨率: 1920x1080, 平均帧率: 29.00, 视频编解码器: h264, 音频编解码器: aac
分类: 📡  江苏频道, 名称: 江苏公共, 有效: 0, IPv4: 0, IPv6: 1, 最小延迟: -1 ms, 最高速率: 0.00 M/s, 平均速率: 0.00 M/s, 最高分辨率: None, 平均帧率: 未知, 视频编解码器: 未知, 音频编解码器: 未知
分类: 📡  江苏频道, 名称: 江苏城市, 有效: 2, IPv4: 0, IPv6: 11, 最小延迟: 139 ms, 最高速率: 4.16 M/s, 平均速率: 2.28 M/s, 最高分辨率: 1920x1080, 平均帧率: 27.50, 视频编解码器: h264, 音频编解码器: aac
分类: 📡  江苏频道, 名称: 江苏体育, 有效: 0, IPv4: 15, IPv6: 0, 最小延迟: -1 ms, 最高速率: 0.00 M/s, 平均速率: 0.00 M/s, 最高分辨率: None, 平均帧率: 未知, 视频编解码器: 未知, 音频编解码器: 未知
分类: 📡  江苏频道, 名称: 南京娱乐, 有效: 0, IPv4: 1, IPv6: 0, 最小延迟: -1 ms, 最高速率: 0.00 M/s, 平均速率: 0.00 M/s, 最高分辨率: None, 平均帧率: 未知, 视频编解码器: 未知, 音频编解码器: 未知
分类: 📡  江苏频道, 名称: 南京少儿, 有效: 1, IPv4: 1, IPv6: 1, 最小延迟: 1170 ms, 最高速率: 0.27 M/s, 平均速率: 0.27 M/s, 最高分辨率: 1280x720, 平均帧率: 25.00, 视频编解码器: h264, 音频编解码器: aac
分类: 📡  江苏频道, 名称: 南京信息, 有效: 0, IPv4: 1, IPv6: 0, 最小延迟: -1 ms, 最高速率: 0.00 M/s, 平均速率: 0.00 M/s, 最高分辨率: None, 平均帧率: 未知, 视频编解码器: 未知, 音频编解码器: 未知
分类: 📡  江苏频道, 名称: 常州都市, 有效: 0, IPv4: 0, IPv6: 1, 最小延迟: -1 ms, 最高速率: 0.00 M/s, 平均速率: 0.00 M/s, 最高分辨率: None, 平均帧率: 未知, 视频编解码器: 未知, 音频编解码器: 未知
分类: 📡  江苏频道, 名称: 常州公共, 有效: 0, IPv4: 0, IPv6: 1, 最小延迟: -1 ms, 最高速率: 0.00 M/s, 平均速率: 0.00 M/s, 最高分辨率: None, 平均帧率: 未知, 视频编解码器: 未知, 音频编解码器: 未知
分类: 📡  江苏频道, 名称: 常州生活, 有效: 0, IPv4: 0, IPv6: 1, 最小延迟: -1 ms, 最高速率: 0.00 M/s, 平均速率: 0.00 M/s, 最高分辨率: None, 平均帧率: 未知, 视频编解码器: 未知, 音频编解码器: 未知
分类: 📡  江苏频道, 名称: 南京教科, 有效: 2, IPv4: 4, IPv6: 4, 最小延迟: 99 ms, 最高速率: 9.62 M/s, 平均速率: 9.53 M/s, 最高分辨率: 1920x1080, 平均帧率: 28.33, 视频编解码器: h264, 音频编解码器: aac
分类: 📡  广东频道, 名称: 广东影视, 有效: 0, IPv4: 0, IPv6: 1, 最小延迟: -1 ms, 最高速率: 0.00 M/s, 平均速率: 0.00 M/s, 最高分辨率: None, 平均帧率: 未知, 视频编解码器: 未知, 音频编解码器: 未知
分类: 📡  江苏频道, 名称: 江苏教育, 有效: 1, IPv4: 1, IPv6: 12, 最小延迟: 302 ms, 最高速率: 0.35 M/s, 平均速率: 0.35 M/s, 最高分辨率: 1280x720, 平均帧率: 25.00, 视频编解码器: h264, 音频编解码器: aac
分类: 📡  广东频道, 名称: 广州新闻, 有效: 1, IPv4: 1, IPv6: 0, 最小延迟: 3171 ms, 最高速率: 0.35 M/s, 平均速率: 0.35 M/s, 最高分辨率: 1280x720, 平均帧率: 25.00, 视频编解码器: h264, 音频编解码器: aac
分类: 📡  江苏频道, 名称: 南京十八, 有效: 1, IPv4: 4, IPv6: 3, 最小延迟: 107 ms, 最高速率: 9.85 M/s, 平均速率: 9.85 M/s, 最高分辨率: 1920x1080, 平均帧率: 30.00, 视频编解码器: h264, 音频编解码器: aac
分类: 📡  广东频道, 名称: 东莞生活资讯, 有效: 1, IPv4: 1, IPv6: 0, 最小延迟: 2066 ms, 最高速率: 0.27 M/s, 平均速率: 0.27 M/s, 最高分辨率: 1280x720, 平均帧率: 25.00, 视频编解码器: h264, 音频编解码器: aac
分类: 📡  广东频道, 名称: 东莞新闻综合, 有效: 1, IPv4: 1, IPv6: 0, 最小延迟: 1728 ms, 最高速率: 0.38 M/s, 平均速率: 0.38 M/s, 最高分辨率: 1280x720, 平均帧率: 25.00, 视频编解码器: h264, 音频编解码器: aac
分类: 📡  广东频道, 名称: 广东少儿, 有效: 0, IPv4: 1, IPv6: 0, 最小延迟: 10061 ms, 最高速率: 0.01 M/s, 平均速率: 0.00 M/s, 最高分辨率: None, 平均帧率: 未知, 视频编解码器: 未知, 音频编解码器: 未知
分类: 📡  湖南频道, 名称: 湖南经视, 有效: 0, IPv4: 1, IPv6: 5, 最小延迟: 307 ms, 最高速率: 0.39 M/s, 平均速率: 0.00 M/s, 最高分辨率: 1920x1080, 平均帧率: 50.00, 视频编解码器: h264, 音频编解码器: aac
分类: 📡  湖南频道, 名称: 湖南电视剧, 有效: 0, IPv4: 11, IPv6: 5, 最小延迟: 123 ms, 最高速率: 7.98 M/s, 平均速率: 0.00 M/s, 最高分辨率: 1920x1080, 平均帧率: 50.00, 视频编解码器: h264, 音频编解码器: aac
分类: 📡  湖南频道, 名称: 湖南电影, 有效: 0, IPv4: 10, IPv6: 2, 最小延迟: 314 ms, 最高速率: 0.00 M/s, 平均速率: 0.00 M/s, 最高分辨率: None, 平均帧率: 未知, 视频编解码器: 未知, 音频编解码器: 未知
分类: 📡  湖南频道, 名称: 湖南公共, 有效: 0, IPv4: 1, IPv6: 4, 最小延迟: 305 ms, 最高速率: 0.24 M/s, 平均速率: 0.00 M/s, 最高分辨率: 720x576, 平均帧率: 50.00, 视频编解码器: h264, 音频编解码器: aac
分类: 📡  湖南频道, 名称: 金鹰卡通, 有效: 0, IPv4: 13, IPv6: 5, 最小延迟: 308 ms, 最高速率: 0.07 M/s, 平均速率: 0.00 M/s, 最高分辨率: 1920x1080, 平均帧率: 25.00, 视频编解码器: h264, 音频编解码器: mp2
分类: 📡  湖南频道, 名称: 湖南娱乐, 有效: 0, IPv4: 10, IPv6: 2, 最小延迟: 323 ms, 最高速率: 0.00 M/s, 平均速率: 0.00 M/s, 最高分辨率: None, 平均帧率: 未知, 视频编解码器: 未知, 音频编解码器: 未知
分类: 📡  湖南频道, 名称: 湖南国际, 有效: 0, IPv4: 3, IPv6: 2, 最小延迟: 309 ms, 最高速率: 0.59 M/s, 平均速率: 0.00 M/s, 最高分辨率: None, 平均帧率: 未知, 视频编解码器: 未知, 音频编解码器: 未知
分类: 📡  湖南频道, 名称: 金鹰纪实, 有效: 0, IPv4: 9, IPv6: 5, 最小延迟: 311 ms, 最高速率: 0.00 M/s, 平均速率: 0.00 M/s, 最高分辨率: None, 平均帧率: 未知, 视频编解码器: 未知, 音频编解码器: 未知
分类: 📡  湖南频道, 名称: 湖南都市, 有效: 0, IPv4: 10, IPv6: 5, 最小延迟: 309 ms, 最高速率: 0.00 M/s, 平均速率: 0.00 M/s, 最高分辨率: None, 平均帧率: 未知, 视频编解码器: 未知, 音频编解码器: 未知
分类: 📡  湖南频道, 名称: 长沙政法, 有效: 0, IPv4: 3, IPv6: 1, 最小延迟: -1 ms, 最高速率: 0.00 M/s, 平均速率: 0.00 M/s, 最高分辨率: None, 平均帧率: 未知, 视频编解码器: 未知, 音频编解码器: 未知
分类: 📡  湖南频道, 名称: 快乐垂钓, 有效: 0, IPv4: 6, IPv6: 10, 最小延迟: 421 ms, 最高速率: 0.12 M/s, 平均速率: 0.00 M/s, 最高分辨率: None, 平均帧率: 未知, 视频编解码器: 未知, 音频编解码器: mp3
分类: 📡  湖南频道, 名称: 长沙新闻, 有效: 0, IPv4: 4, IPv6: 2, 最小延迟: 10908 ms, 最高速率: 0.01 M/s, 平均速率: 0.00 M/s, 最高分辨率: None, 平均帧率: 未知, 视频编解码器: 未知, 音频编解码器: aac
分类: 📡  湖南频道, 名称: 娄底综合, 有效: 0, IPv4: 3, IPv6: 1, 最小延迟: -1 ms, 最高速率: 0.00 M/s, 平均速率: 0.00 M/s, 最高分辨率: None, 平均帧率: 未知, 视频编解码器: 未知, 音频编解码器: 未知
分类: 📡  福建频道, 名称: 福建综合, 有效: 0, IPv4: 1, IPv6: 5, 最小延迟: 308 ms, 最高速率: 0.00 M/s, 平均速率: 0.00 M/s, 最高分辨率: None, 平均帧率: 未知, 视频编解码器: 未知, 音频编解码器: 未知
分类: 📡  福建频道, 名称: 福建新闻, 有效: 0, IPv4: 2, IPv6: 4, 最小延迟: 124 ms, 最高速率: 0.78 M/s, 平均速率: 0.00 M/s, 最高分辨率: None, 平均帧率: 未知, 视频编解码器: 未知, 音频编解码器: aac
分类: 📡  福建频道, 名称: 福建电视剧, 有效: 0, IPv4: 1, IPv6: 5, 最小延迟: 309 ms, 最高速率: 0.00 M/s, 平均速率: 0.00 M/s, 最高分辨率: None, 平均帧率: 未知, 视频编解码器: 未知, 音频编解码器: 未知
分类: 📡  湖北频道, 名称: 湖北公共, 有效: 0, IPv4: 0, IPv6: 1, 最小延迟: 309 ms, 最高速率: 0.00 M/s, 平均速率: 0.00 M/s, 最高分辨率: None, 平均帧率: 未知, 视频编解码器: 未知, 音频编解码器: 未知
分类: 📡  福建频道, 名称: 福建旅游, 有效: 0, IPv4: 3, IPv6: 2, 最小延迟: 308 ms, 最高速率: 0.00 M/s, 平均速率: 0.00 M/s, 最高分辨率: None, 平均帧率: 未知, 视频编解码器: 未知, 音频编解码器: 未知
分类: 📡  福建频道, 名称: 福建少儿, 有效: 0, IPv4: 1, IPv6: 5, 最小延迟: 308 ms, 最高速率: 0.00 M/s, 平均速率: 0.00 M/s, 最高分辨率: None, 平均帧率: 未知, 视频编解码器: 未知, 音频编解码器: 未知
分类: 📡  湖北频道, 名称: 湖北综合, 有效: 0, IPv4: 0, IPv6: 3, 最小延迟: 308 ms, 最高速率: 0.00 M/s, 平均速率: 0.00 M/s, 最高分辨率: None, 平均帧率: 未知, 视频编解码器: 未知, 音频编解码器: 未知
分类: 📡  湖北频道, 名称: 湖北经视, 有效: 2, IPv4: 6, IPv6: 4, 最小延迟: 27 ms, 最高速率: 13.57 M/s, 平均速率: 9.53 M/s, 最高分辨率: 1280x720, 平均帧率: 25.00, 视频编解码器: h264, 音频编解码器: aac
分类: 📡  湖北频道, 名称: 湖北垄上, 有效: 2, IPv4: 1, IPv6: 3, 最小延迟: 74 ms, 最高速率: 13.57 M/s, 平均速率: 10.18 M/s, 最高分辨率: 1280x720, 平均帧率: 25.00, 视频编解码器: h264, 音频编解码器: aac
分类: 📡  湖北频道, 名称: 湖北生活, 有效: 1, IPv4: 0, IPv6: 5, 最小延迟: 124 ms, 最高速率: 9.30 M/s, 平均速率: 9.30 M/s, 最高分辨率: 1280x720, 平均帧率: 未知, 视频编解码器: 未知, 音频编解码器: 未知
分类: 📡  湖北频道, 名称: 湖北影视, 有效: 2, IPv4: 2, IPv6: 3, 最小延迟: 76 ms, 最高速率: 13.57 M/s, 平均速率: 10.16 M/s, 最高分辨率: 1280x720, 平均帧率: 25.00, 视频编解码器: h264, 音频编解码器: aac
分类: 📡  湖北频道, 名称: 湖北教育, 有效: 2, IPv4: 0, IPv6: 4, 最小延迟: 75 ms, 最高速率: 13.57 M/s, 平均速率: 7.41 M/s, 最高分辨率: 1280x720, 平均帧率: 25.00, 视频编解码器: h264, 音频编解码器: aac
分类: 📡  湖北频道, 名称: 武汉生活, 有效: 0, IPv4: 1, IPv6: 0, 最小延迟: -1 ms, 最高速率: 0.00 M/s, 平均速率: 0.00 M/s, 最高分辨率: None, 平均帧率: 未知, 视频编解码器: 未知, 音频编解码器: 未知
分类: 📡  湖北频道, 名称: 武汉经济, 有效: 0, IPv4: 1, IPv6: 0, 最小延迟: -1 ms, 最高速率: 0.00 M/s, 平均速率: 0.00 M/s, 最高分辨率: None, 平均帧率: 未知, 视频编解码器: 未知, 音频编解码器: 未知
分类: 📡  湖北频道, 名称: 武汉外语, 有效: 0, IPv4: 1, IPv6: 0, 最小延迟: -1 ms, 最高速率: 0.00 M/s, 平均速率: 0.00 M/s, 最高分辨率: None, 平均帧率: 未知, 视频编解码器: 未知, 音频编解码器: 未知
分类: 📡  湖北频道, 名称: 武汉新闻综合, 有效: 0, IPv4: 1, IPv6: 0, 最小延迟: -1 ms, 最高速率: 0.00 M/s, 平均速率: 0.00 M/s, 最高分辨率: None, 平均帧率: 未知, 视频编解码器: 未知, 音频编解码器: 未知
分类: 📡  湖北频道, 名称: 武汉教育, 有效: 0, IPv4: 1, IPv6: 5, 最小延迟: 308 ms, 最高速率: 0.00 M/s, 平均速率: 0.00 M/s, 最高分辨率: None, 平均帧率: 未知, 视频编解码器: 未知, 音频编解码器: 未知
分类: 📡  湖北频道, 名称: 武汉文体, 有效: 0, IPv4: 2, IPv6: 0, 最小延迟: 483 ms, 最高速率: 0.00 M/s, 平均速率: 0.00 M/s, 最高分辨率: None, 平均帧率: 未知, 视频编解码器: 未知, 音频编解码器: 未知
分类: 📡  安徽频道, 名称: 安徽经济生活, 有效: 0, IPv4: 10, IPv6: 1, 最小延迟: 310 ms, 最高速率: 0.53 M/s, 平均速率: 0.00 M/s, 最高分辨率: 720x576, 平均帧率: 25.00, 视频编解码器: mpeg2video, 音频编解码器: mp2
分类: 📡  安徽频道, 名称: 芜湖新闻综合, 有效: 0, IPv4: 1, IPv6: 0, 最小延迟: -1 ms, 最高速率: 0.00 M/s, 平均速率: 0.00 M/s, 最高分辨率: None, 平均帧率: 未知, 视频编解码器: 未知, 音频编解码器: 未知
分类: 📡  安徽频道, 名称: 安徽综艺体育, 有效: 0, IPv4: 10, IPv6: 5, 最小延迟: 308 ms, 最高速率: 0.18 M/s, 平均速率: 0.00 M/s, 最高分辨率: None, 平均帧率: 未知, 视频编解码器: 未知, 音频编解码器: 未知
分类: 📡  安徽频道, 名称: 滁州新闻综合, 有效: 0, IPv4: 0, IPv6: 2, 最小延迟: -1 ms, 最高速率: 0.00 M/s, 平均速率: 0.00 M/s, 最高分辨率: None, 平均帧率: 未知, 视频编解码器: 未知, 音频编解码器: 未知
分类: 📡  安徽频道, 名称: 黄山新闻综合, 有效: 0, IPv4: 0, IPv6: 2, 最小延迟: 10671 ms, 最高速率: 0.18 M/s, 平均速率: 0.00 M/s, 最高分辨率: 1920x1080, 平均帧率: 25.00, 视频编解码器: h264, 音频编解码器: aac
分类: 📡  安徽频道, 名称: 铜陵新闻综合, 有效: 0, IPv4: 1, IPv6: 1, 最小延迟: 2843 ms, 最高速率: 0.04 M/s, 平均速率: 0.00 M/s, 最高分辨率: None, 平均帧率: 未知, 视频编解码器: h264, 音频编解码器: aac
分类: 📡  安徽频道, 名称: 宿州新闻综合, 有效: 0, IPv4: 0, IPv6: 5, 最小延迟: 310 ms, 最高速率: 0.14 M/s, 平均速率: 0.00 M/s, 最高分辨率: 1920x1080, 平均帧率: 25.00, 视频编解码器: h264, 音频编解码器: aac
分类: 📡  安徽频道, 名称: 池州新闻综合, 有效: 0, IPv4: 1, IPv6: 0, 最小延迟: -1 ms, 最高速率: 0.00 M/s, 平均速率: 0.00 M/s, 最高分辨率: None, 平均帧率: 未知, 视频编解码器: 未知, 音频编解码器: 未知
分类: 📡  安徽频道, 名称: 涡阳新闻综合, 有效: 0, IPv4: 1, IPv6: 0, 最小延迟: 1664 ms, 最高速率: 0.11 M/s, 平均速率: 0.00 M/s, 最高分辨率: 544x480, 平均帧率: 25.00, 视频编解码器: h264, 音频编解码器: aac
分类: 📡  河南频道, 名称: 开封新闻综合, 有效: 0, IPv4: 0, IPv6: 2, 最小延迟: 305 ms, 最高速率: 0.00 M/s, 平均速率: 0.00 M/s, 最高分辨率: None, 平均帧率: 未知, 视频编解码器: 未知, 音频编解码器: 未知
分类: 📡  河南频道, 名称: 周口新闻综合, 有效: 0, IPv4: 0, IPv6: 2, 最小延迟: 308 ms, 最高速率: 0.00 M/s, 平均速率: 0.00 M/s, 最高分辨率: None, 平均帧率: 未知, 视频编解码器: 未知, 音频编解码器: 未知
分类: 📡  安徽频道, 名称: 淮南新闻综合, 有效: 0, IPv4: 1, IPv6: 0, 最小延迟: -1 ms, 最高速率: 0.00 M/s, 平均速率: 0.00 M/s, 最高分辨率: None, 平均帧率: 未知, 视频编解码器: 未知, 音频编解码器: 未知
分类: 📡  河北频道, 名称: 河北都市, 有效: 0, IPv4: 2, IPv6: 2, 最小延迟: 318 ms, 最高速率: 0.07 M/s, 平均速率: 0.00 M/s, 最高分辨率: None, 平均帧率: 未知, 视频编解码器: 未知, 音频编解码器: aac
分类: 📡  河北频道, 名称: 河北公共, 有效: 0, IPv4: 1, IPv6: 0, 最小延迟: -1 ms, 最高速率: 0.00 M/s, 平均速率: 0.00 M/s, 最高分辨率: None, 平均帧率: 未知, 视频编解码器: 未知, 音频编解码器: 未知
分类: 📡  河北频道, 名称: 河北少儿科教, 有效: 0, IPv4: 0, IPv6: 5, 最小延迟: 308 ms, 最高速率: 0.00 M/s, 平均速率: 0.00 M/s, 最高分辨率: None, 平均帧率: 未知, 视频编解码器: 未知, 音频编解码器: 未知
分类: 📡  河北频道, 名称: 石家庄新闻综合, 有效: 0, IPv4: 1, IPv6: 5, 最小延迟: 305 ms, 最高速率: 0.00 M/s, 平均速率: 0.00 M/s, 最高分辨率: None, 平均帧率: 未知, 视频编解码器: 未知, 音频编解码器: 未知
分类: 📡  河北频道, 名称: 河北农民, 有效: 3, IPv4: 1, IPv6: 6, 最小延迟: 1268 ms, 最高速率: 0.23 M/s, 平均速率: 0.22 M/s, 最高分辨率: 1280x720, 平均帧率: 30.00, 视频编解码器: h264, 音频编解码器: aac
分类: 📡  河北频道, 名称: 石家庄娱乐, 有效: 0, IPv4: 1, IPv6: 5, 最小延迟: 308 ms, 最高速率: 0.00 M/s, 平均速率: 0.00 M/s, 最高分辨率: None, 平均帧率: 未知, 视频编解码器: 未知, 音频编解码器: 未知
分类: 📡  河北频道, 名称: 石家庄生活, 有效: 0, IPv4: 1, IPv6: 4, 最小延迟: 303 ms, 最高速率: 0.00 M/s, 平均速率: 0.00 M/s, 最高分辨率: None, 平均帧率: 未知, 视频编解码器: 未知, 音频编解码器: 未知
分类: 📡  河北频道, 名称: 衡水公共, 有效: 0, IPv4: 0, IPv6: 1, 最小延迟: 596 ms, 最高速率: 0.11 M/s, 平均速率: 0.00 M/s, 最高分辨率: None, 平均帧率: 未知, 视频编解码器: 未知, 音频编解码器: aac
分类: 📡  河北频道, 名称: 石家庄都市, 有效: 0, IPv4: 1, IPv6: 4, 最小延迟: 308 ms, 最高速率: 0.00 M/s, 平均速率: 0.00 M/s, 最高分辨率: None, 平均帧率: 未知, 视频编解码器: 未知, 音频编解码器: 未知
分类: 📡  重庆频道, 名称: 重庆新闻, 有效: 0, IPv4: 2, IPv6: 0, 最小延迟: -1 ms, 最高速率: 0.00 M/s, 平均速率: 0.00 M/s, 最高分辨率: None, 平均帧率: 未知, 视频编解码器: 未知, 音频编解码器: 未知
分类: 📡  河北频道, 名称: 邢台综合, 有效: 4, IPv4: 1, IPv6: 7, 最小延迟: 309 ms, 最高速率: 1.38 M/s, 平均速率: 1.14 M/s, 最高分辨率: 1280x720, 平均帧率: 25.00, 视频编解码器: h264, 音频编解码器: aac
分类: 📡  陕西频道, 名称: 陕西新闻资讯, 有效: 2, IPv4: 4, IPv6: 4, 最小延迟: 85 ms, 最高速率: 12.07 M/s, 平均速率: 11.80 M/s, 最高分辨率: 1920x1080, 平均帧率: 30.00, 视频编解码器: h264, 音频编解码器: aac
分类: 📡  重庆频道, 名称: 重庆汽摩, 有效: 0, IPv4: 8, IPv6: 0, 最小延迟: 1245 ms, 最高速率: 0.31 M/s, 平均速率: 0.00 M/s, 最高分辨率: 1920x1080, 平均帧率: 25.00, 视频编解码器: h264, 音频编解码器: aac
分类: 📡  陕西频道, 名称: 陕西体育休闲, 有效: 2, IPv4: 4, IPv6: 5, 最小延迟: 74 ms, 最高速率: 12.66 M/s, 平均速率: 12.58 M/s, 最高分辨率: 1920x1080, 平均帧率: 30.00, 视频编解码器: h264, 音频编解码器: aac
分类: 📡  广西频道, 名称: 广西新闻, 有效: 2, IPv4: 1, IPv6: 4, 最小延迟: 12 ms, 最高速率: 3.89 M/s, 平均速率: 3.27 M/s, 最高分辨率: 1920x1080, 平均帧率: 25.00, 视频编解码器: h264, 音频编解码器: aac
分类: 📡  广西频道, 名称: 广西国际, 有效: 3, IPv4: 1, IPv6: 3, 最小延迟: 923 ms, 最高速率: 5.07 M/s, 平均速率: 2.22 M/s, 最高分辨率: 1920x1080, 平均帧率: 25.00, 视频编解码器: h264, 音频编解码器: aac
分类: 📡  陕西频道, 名称: 陕西西部电影, 有效: 0, IPv4: 1, IPv6: 0, 最小延迟: -1 ms, 最高速率: 0.00 M/s, 平均速率: 0.00 M/s, 最高分辨率: None, 平均帧率: 未知, 视频编解码器: 未知, 音频编解码器: 未知
分类: 📡  陕西频道, 名称: 陕西都市青春, 有效: 2, IPv4: 5, IPv6: 4, 最小延迟: 70 ms, 最高速率: 12.79 M/s, 平均速率: 12.59 M/s, 最高分辨率: 1920x1080, 平均帧率: 36.67, 视频编解码器: h264, 音频编解码器: aac
分类: 📡  香港频道, 名称: 无线新闻, 有效: 1, IPv4: 0, IPv6: 1, 最小延迟: 597 ms, 最高速率: 5.41 M/s, 平均速率: 5.41 M/s, 最高分辨率: 1920x1080, 平均帧率: 25.00, 视频编解码器: h264, 音频编解码器: aac
分类: 📡  香港频道, 名称: 翡翠台(泰国), 有效: 0, IPv4: 0, IPv6: 1, 最小延迟: 1040 ms, 最高速率: 4.37 M/s, 平均速率: 0.00 M/s, 最高分辨率: None, 平均帧率: 未知, 视频编解码器: 未知, 音频编解码器: 未知
分类: 📡  台湾频道, 名称: AMC电影, 有效: 0, IPv4: 1, IPv6: 0, 最小延迟: 298 ms, 最高速率: 0.00 M/s, 平均速率: 0.00 M/s, 最高分辨率: None, 平均帧率: 未知, 视频编解码器: 未知, 音频编解码器: 未知
分类: 📡  广西频道, 名称: 南宁公共, 有效: 2, IPv4: 6, IPv6: 4, 最小延迟: 307 ms, 最高速率: 0.42 M/s, 平均速率: 0.39 M/s, 最高分辨率: 1280x720, 平均帧率: 25.00, 视频编解码器: h264, 音频编解码器: aac
分类: 📡  台湾频道, 名称: 龙华电影, 有效: 0, IPv4: 0, IPv6: 1, 最小延迟: -1 ms, 最高速率: 0.00 M/s, 平均速率: 0.00 M/s, 最高分辨率: None, 平均帧率: 未知, 视频编解码器: 未知, 音频编解码器: 未知
分类: 📡  香港频道, 名称: 翡翠台, 有效: 3, IPv4: 0, IPv6: 5, 最小延迟: 116 ms, 最高速率: 99.75 M/s, 平均速率: 51.39 M/s, 最高分辨率: 3840x2160, 平均帧率: 41.67, 视频编解码器: hevc, 音频编解码器: aac
分类: 📡  香港频道, 名称: 明珠台, 有效: 3, IPv4: 1, IPv6: 5, 最小延迟: 110 ms, 最高速率: 29.09 M/s, 平均速率: 10.26 M/s, 最高分辨率: 1920x1080, 平均帧率: 33.33, 视频编解码器: h264, 音频编解码器: aac
分类: 📡  台湾频道, 名称: 靖天映画, 有效: 0, IPv4: 9, IPv6: 5, 最小延迟: 292 ms, 最高速率: 0.00 M/s, 平均速率: 0.00 M/s, 最高分辨率: None, 平均帧率: 未知, 视频编解码器: 未知, 音频编解码器: 未知
分类: 📡  新闻频道p2p, 名称: CGTN, 有效: 2, IPv4: 1, IPv6: 2, 最小延迟: 211 ms, 最高速率: 14.64 M/s, 平均速率: 13.69 M/s, 最高分辨率: 1280x720, 平均帧率: 25.00, 视频编解码器: h264, 音频编解码器: aac
分类: 📡  台湾频道, 名称: 靖天资讯, 有效: 0, IPv4: 0, IPv6: 5, 最小延迟: 8 ms, 最高速率: 0.00 M/s, 平均速率: 0.00 M/s, 最高分辨率: None, 平均帧率: 未知, 视频编解码器: 未知, 音频编解码器: 未知
分类: 📡  台湾频道, 名称: 靖天戏剧, 有效: 0, IPv4: 9, IPv6: 5, 最小延迟: 9 ms, 最高速率: 0.00 M/s, 平均速率: 0.00 M/s, 最高分辨率: None, 平均帧率: 未知, 视频编解码器: 未知, 音频编解码器: 未知
分类: 📡  电影频道p2p, 名称: 天映经典, 有效: 2, IPv4: 10, IPv6: 4, 最小延迟: 134 ms, 最高速率: 0.99 M/s, 平均速率: 0.95 M/s, 最高分辨率: 1920x1080, 平均帧率: 26.67, 视频编解码器: h264, 音频编解码器: aac
分类: 📡  电影频道p2p, 名称: CHC动作电影, 有效: 5, IPv4: 3, IPv6: 6, 最小延迟: 29 ms, 最高速率: 13.57 M/s, 平均速率: 10.49 M/s, 最高分辨率: 1920x1080, 平均帧率: 30.00, 视频编解码器: h264, 音频编解码器: aac
分类: 📡  电影频道p2p, 名称: 私人影院, 有效: 0, IPv4: 3, IPv6: 0, 最小延迟: -1 ms, 最高速率: 0.00 M/s, 平均速率: 0.00 M/s, 最高分辨率: None, 平均帧率: 未知, 视频编解码器: 未知, 音频编解码器: 未知
分类: 📡  电影频道p2p, 名称: 龙祥电影, 有效: 1, IPv4: 9, IPv6: 2, 最小延迟: 1090 ms, 最高速率: 0.54 M/s, 平均速率: 0.54 M/s, 最高分辨率: 1440x1080, 平均帧率: 30.00, 视频编解码器: h264, 音频编解码器: 未知
分类: 📡  电影频道p2p, 名称: CHC高清电影, 有效: 0, IPv4: 4, IPv6: 0, 最小延迟: 10824 ms, 最高速率: 0.36 M/s, 平均速率: 0.00 M/s, 最高分辨率: 1920x1080, 平均帧率: 50.00, 视频编解码器: h264, 音频编解码器: mp2
分类: 🇨🇳数字4K, 名称: 爱幼教, 有效: 0, IPv4: 1, IPv6: 0, 最小延迟: -1 ms, 最高速率: 0.00 M/s, 平均速率: 0.00 M/s, 最高分辨率: None, 平均帧率: 未知, 视频编解码器: 未知, 音频编解码器: 未知
分类: 🇨🇳数字4K, 名称: 爱电竞, 有效: 0, IPv4: 1, IPv6: 1, 最小延迟: -1 ms, 最高速率: 0.00 M/s, 平均速率: 0.00 M/s, 最高分辨率: None, 平均帧率: 未知, 视频编解码器: 未知, 音频编解码器: 未知
分类: 🇨🇳数字4K, 名称: 茶频道, 有效: 0, IPv4: 1, IPv6: 0, 最小延迟: 411 ms, 最高速率: 0.01 M/s, 平均速率: 0.00 M/s, 最高分辨率: None, 平均帧率: 未知, 视频编解码器: 未知, 音频编解码器: mp2
分类: 📡  电影频道p2p, 名称: CHC家庭影院, 有效: 2, IPv4: 10, IPv6: 4, 最小延迟: 88 ms, 最高速率: 11.61 M/s, 平均速率: 8.46 M/s, 最高分辨率: 1920x1080, 平均帧率: 31.00, 视频编解码器: h264, 音频编解码器: aac
分类: 🇨🇳数字4K, 名称: 爱动漫, 有效: 0, IPv4: 4, IPv6: 4, 最小延迟: -1 ms, 最高速率: 0.00 M/s, 平均速率: 0.00 M/s, 最高分辨率: None, 平均帧率: 未知, 视频编解码器: 未知, 音频编解码器: 未知
分类: 🇨🇳数字4K, 名称: 新视觉, 有效: 0, IPv4: 1, IPv6: 0, 最小延迟: 10907 ms, 最高速率: 0.00 M/s, 平均速率: 0.00 M/s, 最高分辨率: None, 平均帧率: 未知, 视频编解码器: 未知, 音频编解码器: 未知
分类: 🇨🇳数字4K, 名称: 乐游, 有效: 0, IPv4: 9, IPv6: 1, 最小延迟: -1 ms, 最高速率: 0.00 M/s, 平均速率: 0.00 M/s, 最高分辨率: None, 平均帧率: 未知, 视频编解码器: 未知, 音频编解码器: 未知
分类: 🇨🇳虎牙直播, 名称: JJ斗地主, 有效: 0, IPv4: 8, IPv6: 1, 最小延迟: -1 ms, 最高速率: 0.00 M/s, 平均速率: 0.00 M/s, 最高分辨率: None, 平均帧率: 未知, 视频编解码器: 未知, 音频编解码器: 未知
分类: 🇨🇳虎牙直播, 名称: 鹿鼎记, 有效: 0, IPv4: 9, IPv6: 2, 最小延迟: 1915 ms, 最高速率: 0.15 M/s, 平均速率: 0.00 M/s, 最高分辨率: 800x600, 平均帧率: 24.00, 视频编解码器: h264, 音频编解码器: aac
分类: 🇨🇳虎牙直播, 名称: 射雕英雄传, 有效: 0, IPv4: 4, IPv6: 4, 最小延迟: -1 ms, 最高速率: 0.00 M/s, 平均速率: 0.00 M/s, 最高分辨率: None, 平均帧率: 未知, 视频编解码器: 未知, 音频编解码器: 未知
分类: 🇨🇳虎牙直播, 名称: 天龙八部, 有效: 0, IPv4: 10, IPv6: 4, 最小延迟: -1 ms, 最高速率: 0.00 M/s, 平均速率: 0.00 M/s, 最高分辨率: None, 平均帧率: 未知, 视频编解码器: 未知, 音频编解码器: 未知
分类: 🇨🇳斗鱼直播, 名称: 邵氏影院, 有效: 0, IPv4: 0, IPv6: 1, 最小延迟: -1 ms, 最高速率: 0.00 M/s, 平均速率: 0.00 M/s, 最高分辨率: None, 平均帧率: 未知, 视频编解码器: 未知, 音频编解码器: 未知
分类: 🇨🇳斗鱼直播, 名称: 万合出品, 有效: 0, IPv4: 0, IPv6: 1, 最小延迟: -1 ms, 最高速率: 0.00 M/s, 平均速率: 0.00 M/s, 最高分辨率: None, 平均帧率: 未知, 视频编解码器: 未知, 音频编解码器: 未知
分类: 🇨🇳斗鱼直播, 名称: 华语影视, 有效: 0, IPv4: 0, IPv6: 1, 最小延迟: -1 ms, 最高速率: 0.00 M/s, 平均速率: 0.00 M/s, 最高分辨率: None, 平均帧率: 未知, 视频编解码器: 未知, 音频编解码器: 未知
分类: 🇨🇳斗鱼直播, 名称: 刀刀影院, 有效: 0, IPv4: 0, IPv6: 1, 最小延迟: -1 ms, 最高速率: 0.00 M/s, 平均速率: 0.00 M/s, 最高分辨率: None, 平均帧率: 未知, 视频编解码器: 未知, 音频编解码器: 未知
分类: 🇨🇳斗鱼直播, 名称: 经典剧集, 有效: 1, IPv4: 0, IPv6: 1, 最小延迟: 62 ms, 最高速率: 6.73 M/s, 平均速率: 6.73 M/s, 最高分辨率: 1920x1080, 平均帧率: 30.00, 视频编解码器: h264, 音频编解码器: aac
分类: 🇨🇳斗鱼直播, 名称: 热门港剧, 有效: 0, IPv4: 0, IPv6: 1, 最小延迟: -1 ms, 最高速率: 0.00 M/s, 平均速率: 0.00 M/s, 最高分辨率: None, 平均帧率: 未知, 视频编解码器: 未知, 音频编解码器: 未知
分类: 🇨🇳虎牙直播, 名称: 笑傲江湖, 有效: 0, IPv4: 9, IPv6: 5, 最小延迟: -1 ms, 最高速率: 0.00 M/s, 平均速率: 0.00 M/s, 最高分辨率: None, 平均帧率: 未知, 视频编解码器: 未知, 音频编解码器: 未知
分类: 🇨🇳斗鱼直播, 名称: 动作电影, 有效: 0, IPv4: 1, IPv6: 0, 最小延迟: -1 ms, 最高速率: 0.00 M/s, 平均速率: 0.00 M/s, 最高分辨率: None, 平均帧率: 未知, 视频编解码器: 未知, 音频编解码器: 未知
分类: 🇨🇳电视剧轮播, 名称: 上海滩, 有效: 2, IPv4: 3, IPv6: 2, 最小延迟: 794 ms, 最高速率: 0.49 M/s, 平均速率: 0.48 M/s, 最高分辨率: 1280x720, 平均帧率: 25.00, 视频编解码器: h264, 音频编解码器: aac
分类: 🇨🇳电视剧轮播, 名称: 新白娘子传奇, 有效: 0, IPv4: 3, IPv6: 3, 最小延迟: 1359 ms, 最高速率: 0.20 M/s, 平均速率: 0.00 M/s, 最高分辨率: 800x600, 平均帧率: 24.00, 视频编解码器: h264, 音频编解码器: aac
分类: 🇨🇳电视剧轮播, 名称: 封神榜, 有效: 0, IPv4: 3, IPv6: 5, 最小延迟: 94 ms, 最高速率: 5.07 M/s, 平均速率: 0.00 M/s, 最高分辨率: 800x600, 平均帧率: 24.00, 视频编解码器: h264, 音频编解码器: aac
分类: 🇨🇳电视剧轮播, 名称: 三国演义, 有效: 0, IPv4: 4, IPv6: 7, 最小延迟: 72 ms, 最高速率: 5.56 M/s, 平均速率: 0.00 M/s, 最高分辨率: 728x544, 平均帧率: 29.00, 视频编解码器: h264, 音频编解码器: aac
分类: 🇨🇳电视剧轮播, 名称: 济公游记, 有效: 0, IPv4: 2, IPv6: 1, 最小延迟: 959 ms, 最高速率: 0.20 M/s, 平均速率: 0.00 M/s, 最高分辨率: 800x600, 平均帧率: 24.00, 视频编解码器: h264, 音频编解码器: aac
分类: 🇨🇳 NewTV, 名称: 超级电影, 有效: 0, IPv4: 1, IPv6: 0, 最小延迟: -1 ms, 最高速率: 0.00 M/s, 平均速率: 0.00 M/s, 最高分辨率: None, 平均帧率: 未知, 视频编解码器: 未知, 音频编解码器: 未知
分类: 🇨🇳电视剧轮播, 名称: 西游记, 有效: 0, IPv4: 6, IPv6: 5, 最小延迟: -1 ms, 最高速率: 0.00 M/s, 平均速率: 0.00 M/s, 最高分辨率: None, 平均帧率: 未知, 视频编解码器: 未知, 音频编解码器: 未知
分类: 🇨🇳 YY频道, 名称: 漫画解说, 有效: 1, IPv4: 1, IPv6: 2, 最小延迟: 105 ms, 最高速率: 4.87 M/s, 平均速率: 4.87 M/s, 最高分辨率: 1920x1080, 平均帧率: 30.00, 视频编解码器: h264, 音频编解码器: aac
